Archive member included to satisfy reference by file (symbol)

c:/d/coding/stm32cubeide/application/stm32cubeide_1.7.0/stm32cubeide/plugins/com.st.stm32cube.ide.mcu.externaltools.gnu-tools-for-stm32.9-2020-q2-update.win32_2.0.0.202105311346/tools/bin/../lib/gcc/arm-none-eabi/9.3.1/../../../../arm-none-eabi/lib/thumb/v7-m/nofp\libc_nano.a(lib_a-errno.o)
                              ./Core/Src/syscalls.o (__errno)
c:/d/coding/stm32cubeide/application/stm32cubeide_1.7.0/stm32cubeide/plugins/com.st.stm32cube.ide.mcu.externaltools.gnu-tools-for-stm32.9-2020-q2-update.win32_2.0.0.202105311346/tools/bin/../lib/gcc/arm-none-eabi/9.3.1/../../../../arm-none-eabi/lib/thumb/v7-m/nofp\libc_nano.a(lib_a-exit.o)
                              c:/d/coding/stm32cubeide/application/stm32cubeide_1.7.0/stm32cubeide/plugins/com.st.stm32cube.ide.mcu.externaltools.gnu-tools-for-stm32.9-2020-q2-update.win32_2.0.0.202105311346/tools/bin/../lib/gcc/arm-none-eabi/9.3.1/../../../../arm-none-eabi/lib/thumb/v7-m/nofp/crt0.o (exit)
c:/d/coding/stm32cubeide/application/stm32cubeide_1.7.0/stm32cubeide/plugins/com.st.stm32cube.ide.mcu.externaltools.gnu-tools-for-stm32.9-2020-q2-update.win32_2.0.0.202105311346/tools/bin/../lib/gcc/arm-none-eabi/9.3.1/../../../../arm-none-eabi/lib/thumb/v7-m/nofp\libc_nano.a(lib_a-impure.o)
                              c:/d/coding/stm32cubeide/application/stm32cubeide_1.7.0/stm32cubeide/plugins/com.st.stm32cube.ide.mcu.externaltools.gnu-tools-for-stm32.9-2020-q2-update.win32_2.0.0.202105311346/tools/bin/../lib/gcc/arm-none-eabi/9.3.1/../../../../arm-none-eabi/lib/thumb/v7-m/nofp\libc_nano.a(lib_a-exit.o) (_global_impure_ptr)
c:/d/coding/stm32cubeide/application/stm32cubeide_1.7.0/stm32cubeide/plugins/com.st.stm32cube.ide.mcu.externaltools.gnu-tools-for-stm32.9-2020-q2-update.win32_2.0.0.202105311346/tools/bin/../lib/gcc/arm-none-eabi/9.3.1/../../../../arm-none-eabi/lib/thumb/v7-m/nofp\libc_nano.a(lib_a-init.o)
                              c:/d/coding/stm32cubeide/application/stm32cubeide_1.7.0/stm32cubeide/plugins/com.st.stm32cube.ide.mcu.externaltools.gnu-tools-for-stm32.9-2020-q2-update.win32_2.0.0.202105311346/tools/bin/../lib/gcc/arm-none-eabi/9.3.1/../../../../arm-none-eabi/lib/thumb/v7-m/nofp/crt0.o (__libc_init_array)
c:/d/coding/stm32cubeide/application/stm32cubeide_1.7.0/stm32cubeide/plugins/com.st.stm32cube.ide.mcu.externaltools.gnu-tools-for-stm32.9-2020-q2-update.win32_2.0.0.202105311346/tools/bin/../lib/gcc/arm-none-eabi/9.3.1/../../../../arm-none-eabi/lib/thumb/v7-m/nofp\libc_nano.a(lib_a-memset.o)
                              c:/d/coding/stm32cubeide/application/stm32cubeide_1.7.0/stm32cubeide/plugins/com.st.stm32cube.ide.mcu.externaltools.gnu-tools-for-stm32.9-2020-q2-update.win32_2.0.0.202105311346/tools/bin/../lib/gcc/arm-none-eabi/9.3.1/../../../../arm-none-eabi/lib/thumb/v7-m/nofp/crt0.o (memset)

Allocating common symbols
Common symbol       size              file

uwTick              0x4               ./Drivers/STM32F1xx_HAL_Driver/Src/stm32f1xx_hal.o
pFlash              0x20              ./Drivers/STM32F1xx_HAL_Driver/Src/stm32f1xx_hal_flash.o
htim2               0x48              ./Core/Src/main.o

Discarded input sections

 .text          0x0000000000000000        0x0 c:/d/coding/stm32cubeide/application/stm32cubeide_1.7.0/stm32cubeide/plugins/com.st.stm32cube.ide.mcu.externaltools.gnu-tools-for-stm32.9-2020-q2-update.win32_2.0.0.202105311346/tools/bin/../lib/gcc/arm-none-eabi/9.3.1/thumb/v7-m/nofp/crti.o
 .data          0x0000000000000000        0x0 c:/d/coding/stm32cubeide/application/stm32cubeide_1.7.0/stm32cubeide/plugins/com.st.stm32cube.ide.mcu.externaltools.gnu-tools-for-stm32.9-2020-q2-update.win32_2.0.0.202105311346/tools/bin/../lib/gcc/arm-none-eabi/9.3.1/thumb/v7-m/nofp/crti.o
 .bss           0x0000000000000000        0x0 c:/d/coding/stm32cubeide/application/stm32cubeide_1.7.0/stm32cubeide/plugins/com.st.stm32cube.ide.mcu.externaltools.gnu-tools-for-stm32.9-2020-q2-update.win32_2.0.0.202105311346/tools/bin/../lib/gcc/arm-none-eabi/9.3.1/thumb/v7-m/nofp/crti.o
 .data          0x0000000000000000        0x4 c:/d/coding/stm32cubeide/application/stm32cubeide_1.7.0/stm32cubeide/plugins/com.st.stm32cube.ide.mcu.externaltools.gnu-tools-for-stm32.9-2020-q2-update.win32_2.0.0.202105311346/tools/bin/../lib/gcc/arm-none-eabi/9.3.1/thumb/v7-m/nofp/crtbegin.o
 .text          0x0000000000000000       0x7c c:/d/coding/stm32cubeide/application/stm32cubeide_1.7.0/stm32cubeide/plugins/com.st.stm32cube.ide.mcu.externaltools.gnu-tools-for-stm32.9-2020-q2-update.win32_2.0.0.202105311346/tools/bin/../lib/gcc/arm-none-eabi/9.3.1/../../../../arm-none-eabi/lib/thumb/v7-m/nofp/crt0.o
 .data          0x0000000000000000        0x0 c:/d/coding/stm32cubeide/application/stm32cubeide_1.7.0/stm32cubeide/plugins/com.st.stm32cube.ide.mcu.externaltools.gnu-tools-for-stm32.9-2020-q2-update.win32_2.0.0.202105311346/tools/bin/../lib/gcc/arm-none-eabi/9.3.1/../../../../arm-none-eabi/lib/thumb/v7-m/nofp/crt0.o
[...]
Memory Configuration

Name             Origin             Length             Attributes
RAM              0x0000000020000000 0x0000000000005000 xrw
FLASH            0x0000000008000000 0x0000000000020000 xr
*default*        0x0000000000000000 0xffffffffffffffff

Linker script and memory map

LOAD c:/d/coding/stm32cubeide/application/stm32cubeide_1.7.0/stm32cubeide/plugins/com.st.stm32cube.ide.mcu.externaltools.gnu-tools-for-stm32.9-2020-q2-update.win32_2.0.0.202105311346/tools/bin/../lib/gcc/arm-none-eabi/9.3.1/thumb/v7-m/nofp/crti.o
LOAD c:/d/coding/stm32cubeide/application/stm32cubeide_1.7.0/stm32cubeide/plugins/com.st.stm32cube.ide.mcu.externaltools.gnu-tools-for-stm32.9-2020-q2-update.win32_2.0.0.202105311346/tools/bin/../lib/gcc/arm-none-eabi/9.3.1/thumb/v7-m/nofp/crtbegin.o
LOAD c:/d/coding/stm32cubeide/application/stm32cubeide_1.7.0/stm32cubeide/plugins/com.st.stm32cube.ide.mcu.externaltools.gnu-tools-for-stm32.9-2020-q2-update.win32_2.0.0.202105311346/tools/bin/../lib/gcc/arm-none-eabi/9.3.1/../../../../arm-none-eabi/lib/thumb/v7-m/nofp/crt0.o
LOAD ./Core/Src/input_processing.o
LOAD ./Core/Src/input_reading.o
LOAD ./Core/Src/led_display.o
LOAD ./Core/Src/main.o
LOAD ./Core/Src/software_timer.o
LOAD ./Core/Src/stm32f1xx_hal_msp.o
LOAD ./Core/Src/stm32f1xx_it.o
LOAD ./Core/Src/syscalls.o
LOAD ./Core/Src/sysmem.o
LOAD ./Core/Src/system_stm32f1xx.o
LOAD ./Core/Startup/startup_stm32f103rbtx.o
LOAD ./Drivers/STM32F1xx_HAL_Driver/Src/stm32f1xx_hal.o
LOAD ./Drivers/STM32F1xx_HAL_Driver/Src/stm32f1xx_hal_cortex.o
LOAD ./Drivers/STM32F1xx_HAL_Driver/Src/stm32f1xx_hal_dma.o
LOAD ./Drivers/STM32F1xx_HAL_Driver/Src/stm32f1xx_hal_exti.o
LOAD ./Drivers/STM32F1xx_HAL_Driver/Src/stm32f1xx_hal_flash.o
LOAD ./Drivers/STM32F1xx_HAL_Driver/Src/stm32f1xx_hal_flash_ex.o
LOAD ./Drivers/STM32F1xx_HAL_Driver/Src/stm32f1xx_hal_gpio.o
LOAD ./Drivers/STM32F1xx_HAL_Driver/Src/stm32f1xx_hal_gpio_ex.o
LOAD ./Drivers/STM32F1xx_HAL_Driver/Src/stm32f1xx_hal_pwr.o
LOAD ./Drivers/STM32F1xx_HAL_Driver/Src/stm32f1xx_hal_rcc.o
LOAD ./Drivers/STM32F1xx_HAL_Driver/Src/stm32f1xx_hal_rcc_ex.o
LOAD ./Drivers/STM32F1xx_HAL_Driver/Src/stm32f1xx_hal_tim.o
LOAD ./Drivers/STM32F1xx_HAL_Driver/Src/stm32f1xx_hal_tim_ex.o
START GROUP
LOAD c:/d/coding/stm32cubeide/application/stm32cubeide_1.7.0/stm32cubeide/plugins/com.st.stm32cube.ide.mcu.externaltools.gnu-tools-for-stm32.9-2020-q2-update.win32_2.0.0.202105311346/tools/bin/../lib/gcc/arm-none-eabi/9.3.1/../../../../arm-none-eabi/lib/thumb/v7-m/nofp\libc_nano.a
LOAD c:/d/coding/stm32cubeide/application/stm32cubeide_1.7.0/stm32cubeide/plugins/com.st.stm32cube.ide.mcu.externaltools.gnu-tools-for-stm32.9-2020-q2-update.win32_2.0.0.202105311346/tools/bin/../lib/gcc/arm-none-eabi/9.3.1/../../../../arm-none-eabi/lib/thumb/v7-m/nofp\libm.a
END GROUP
START GROUP
LOAD c:/d/coding/stm32cubeide/application/stm32cubeide_1.7.0/stm32cubeide/plugins/com.st.stm32cube.ide.mcu.externaltools.gnu-tools-for-stm32.9-2020-q2-update.win32_2.0.0.202105311346/tools/bin/../lib/gcc/arm-none-eabi/9.3.1/thumb/v7-m/nofp\libgcc.a
LOAD c:/d/coding/stm32cubeide/application/stm32cubeide_1.7.0/stm32cubeide/plugins/com.st.stm32cube.ide.mcu.externaltools.gnu-tools-for-stm32.9-2020-q2-update.win32_2.0.0.202105311346/tools/bin/../lib/gcc/arm-none-eabi/9.3.1/../../../../arm-none-eabi/lib/thumb/v7-m/nofp\libc_nano.a
END GROUP
START GROUP
LOAD c:/d/coding/stm32cubeide/application/stm32cubeide_1.7.0/stm32cubeide/plugins/com.st.stm32cube.ide.mcu.externaltools.gnu-tools-for-stm32.9-2020-q2-update.win32_2.0.0.202105311346/tools/bin/../lib/gcc/arm-none-eabi/9.3.1/thumb/v7-m/nofp\libgcc.a
LOAD c:/d/coding/stm32cubeide/application/stm32cubeide_1.7.0/stm32cubeide/plugins/com.st.stm32cube.ide.mcu.externaltools.gnu-tools-for-stm32.9-2020-q2-update.win32_2.0.0.202105311346/tools/bin/../lib/gcc/arm-none-eabi/9.3.1/../../../../arm-none-eabi/lib/thumb/v7-m/nofp\libc_nano.a
LOAD c:/d/coding/stm32cubeide/application/stm32cubeide_1.7.0/stm32cubeide/plugins/com.st.stm32cube.ide.mcu.externaltools.gnu-tools-for-stm32.9-2020-q2-update.win32_2.0.0.202105311346/tools/bin/../lib/gcc/arm-none-eabi/9.3.1/../../../../arm-none-eabi/lib/thumb/v7-m/nofp\libnosys.a
END GROUP
START GROUP
LOAD c:/d/coding/stm32cubeide/application/stm32cubeide_1.7.0/stm32cubeide/plugins/com.st.stm32cube.ide.mcu.externaltools.gnu-tools-for-stm32.9-2020-q2-update.win32_2.0.0.202105311346/tools/bin/../lib/gcc/arm-none-eabi/9.3.1/thumb/v7-m/nofp\libgcc.a
LOAD c:/d/coding/stm32cubeide/application/stm32cubeide_1.7.0/stm32cubeide/plugins/com.st.stm32cube.ide.mcu.externaltools.gnu-tools-for-stm32.9-2020-q2-update.win32_2.0.0.202105311346/tools/bin/../lib/gcc/arm-none-eabi/9.3.1/../../../../arm-none-eabi/lib/thumb/v7-m/nofp\libc_nano.a
LOAD c:/d/coding/stm32cubeide/application/stm32cubeide_1.7.0/stm32cubeide/plugins/com.st.stm32cube.ide.mcu.externaltools.gnu-tools-for-stm32.9-2020-q2-update.win32_2.0.0.202105311346/tools/bin/../lib/gcc/arm-none-eabi/9.3.1/../../../../arm-none-eabi/lib/thumb/v7-m/nofp\libnosys.a
END GROUP
LOAD c:/d/coding/stm32cubeide/application/stm32cubeide_1.7.0/stm32cubeide/plugins/com.st.stm32cube.ide.mcu.externaltools.gnu-tools-for-stm32.9-2020-q2-update.win32_2.0.0.202105311346/tools/bin/../lib/gcc/arm-none-eabi/9.3.1/thumb/v7-m/nofp/crtend.o
LOAD c:/d/coding/stm32cubeide/application/stm32cubeide_1.7.0/stm32cubeide/plugins/com.st.stm32cube.ide.mcu.externaltools.gnu-tools-for-stm32.9-2020-q2-update.win32_2.0.0.202105311346/tools/bin/../lib/gcc/arm-none-eabi/9.3.1/thumb/v7-m/nofp/crtn.o
                0x0000000020005000                _estack = (ORIGIN (RAM) + LENGTH (RAM))
                0x0000000000000200                _Min_Heap_Size = 0x200
                0x0000000000000400                _Min_Stack_Size = 0x400

.isr_vector     0x0000000008000000      0x10c
                0x0000000008000000                . = ALIGN (0x4)
 *(.isr_vector)
 .isr_vector    0x0000000008000000      0x10c ./Core/Startup/startup_stm32f103rbtx.o
                0x0000000008000000                g_pfnVectors
                0x000000000800010c                . = ALIGN (0x4)

.text           0x000000000800010c     0x1ea0
                0x000000000800010c                . = ALIGN (0x4)
 *(.text)
 .text          0x000000000800010c       0x40 c:/d/coding/stm32cubeide/application/stm32cubeide_1.7.0/stm32cubeide/plugins/com.st.stm32cube.ide.mcu.externaltools.gnu-tools-for-stm32.9-2020-q2-update.win32_2.0.0.202105311346/tools/bin/../lib/gcc/arm-none-eabi/9.3.1/thumb/v7-m/nofp/crtbegin.o
 *(.text*)
 .text.init_for_automatic_leds
                0x000000000800014c       0x14 ./Core/Src/input_processing.o
                0x000000000800014c                init_for_automatic_leds
 .text.button_reading
                0x0000000008000160      0x1d8 ./Core/Src/input_reading.o
                0x0000000008000160                button_reading
 .text.is_button_pressed
                0x0000000008000338       0x34 ./Core/Src/input_reading.o
                0x0000000008000338                is_button_pressed
 .text.is_button_pressed_1s
                0x000000000800036c       0x34 ./Core/Src/input_reading.o
                0x000000000800036c                is_button_pressed_1s
 .text.OnRed1   0x00000000080003a0       0x28 ./Core/Src/led_display.o
                0x00000000080003a0                OnRed1
 .text.OffAllLED1
                0x00000000080003c8       0x28 ./Core/Src/led_display.o
                0x00000000080003c8                OffAllLED1
 .text.OnGreen2
                0x00000000080003f0       0x20 ./Core/Src/led_display.o
                0x00000000080003f0                OnGreen2
 .text.OffAllLED2
                0x0000000008000410       0x20 ./Core/Src/led_display.o
                0x0000000008000410                OffAllLED2
 .text.OffAllLED
                0x0000000008000430       0x10 ./Core/Src/led_display.o
                0x0000000008000430                OffAllLED
 .text.OnPed_Red
                0x0000000008000440       0x28 ./Core/Src/led_display.o
                0x0000000008000440                OnPed_Red
 .text.OffPed   0x0000000008000468       0x28 ./Core/Src/led_display.o
                0x0000000008000468                OffPed
 .text.main     0x0000000008000490       0xa0 ./Core/Src/main.o
                0x0000000008000490                main
 .text.SystemClock_Config
                0x0000000008000530       0x82 ./Core/Src/main.o
                0x0000000008000530                SystemClock_Config
 *fill*         0x00000000080005b2        0x2 
 .text.MX_TIM2_Init
                0x00000000080005b4       0x98 ./Core/Src/main.o
 .text.MX_GPIO_Init
                0x000000000800064c       0xdc ./Core/Src/main.o
 .text.HAL_TIM_PeriodElapsedCallback
                0x0000000008000728       0x14 ./Core/Src/main.o
                0x0000000008000728                HAL_TIM_PeriodElapsedCallback
 .text.Error_Handler
                0x000000000800073c        0xa ./Core/Src/main.o
                0x000000000800073c                Error_Handler
 *fill*         0x0000000008000746        0x2 
 .text.setTimer
                0x0000000008000748       0x30 ./Core/Src/software_timer.o
                0x0000000008000748                setTimer
 .text.timerRun
                0x0000000008000778       0x60 ./Core/Src/software_timer.o
                0x0000000008000778                timerRun
 .text.HAL_MspInit
                0x00000000080007d8       0x64 ./Core/Src/stm32f1xx_hal_msp.o
                0x00000000080007d8                HAL_MspInit
 .text.HAL_TIM_Base_MspInit
                0x000000000800083c       0x48 ./Core/Src/stm32f1xx_hal_msp.o
                0x000000000800083c                HAL_TIM_Base_MspInit
 .text.NMI_Handler
                0x0000000008000884        0x6 ./Core/Src/stm32f1xx_it.o
                0x0000000008000884                NMI_Handler
 .text.HardFault_Handler
                0x000000000800088a        0x6 ./Core/Src/stm32f1xx_it.o
                0x000000000800088a                HardFault_Handler
 .text.MemManage_Handler
                0x0000000008000890        0x6 ./Core/Src/stm32f1xx_it.o
                0x0000000008000890                MemManage_Handler
 .text.BusFault_Handler
                0x0000000008000896        0x6 ./Core/Src/stm32f1xx_it.o
                0x0000000008000896                BusFault_Handler
 .text.UsageFault_Handler
                0x000000000800089c        0x6 ./Core/Src/stm32f1xx_it.o
                0x000000000800089c                UsageFault_Handler
 .text.SVC_Handler
                0x00000000080008a2        0xc ./Core/Src/stm32f1xx_it.o
                0x00000000080008a2                SVC_Handler
 .text.DebugMon_Handler
                0x00000000080008ae        0xc ./Core/Src/stm32f1xx_it.o
                0x00000000080008ae                DebugMon_Handler
 .text.PendSV_Handler
                0x00000000080008ba        0xc ./Core/Src/stm32f1xx_it.o
                0x00000000080008ba                PendSV_Handler
 .text.SysTick_Handler
                0x00000000080008c6        0xc ./Core/Src/stm32f1xx_it.o
                0x00000000080008c6                SysTick_Handler
 *fill*         0x00000000080008d2        0x2 
 .text.TIM2_IRQHandler
                0x00000000080008d4       0x14 ./Core/Src/stm32f1xx_it.o
                0x00000000080008d4                TIM2_IRQHandler
 .text.SystemInit
                0x00000000080008e8        0xc ./Core/Src/system_stm32f1xx.o
                0x00000000080008e8                SystemInit
 .text.Reset_Handler
                0x00000000080008f4       0x48 ./Core/Startup/startup_stm32f103rbtx.o
                0x00000000080008f4                Reset_Handler
 .text.Default_Handler
                0x000000000800093c        0x2 ./Core/Startup/startup_stm32f103rbtx.o
                0x000000000800093c                RTC_Alarm_IRQHandler
                0x000000000800093c                EXTI2_IRQHandler
                0x000000000800093c                TIM1_CC_IRQHandler
                0x000000000800093c                PVD_IRQHandler
                0x000000000800093c                EXTI3_IRQHandler
                0x000000000800093c                EXTI0_IRQHandler
                0x000000000800093c                I2C2_EV_IRQHandler
                0x000000000800093c                ADC1_2_IRQHandler
                0x000000000800093c                SPI1_IRQHandler
                0x000000000800093c                TAMPER_IRQHandler
                0x000000000800093c                DMA1_Channel4_IRQHandler
                0x000000000800093c                USART3_IRQHandler
                0x000000000800093c                RTC_IRQHandler
                0x000000000800093c                DMA1_Channel7_IRQHandler
                0x000000000800093c                CAN1_RX1_IRQHandler
                0x000000000800093c                TIM4_IRQHandler
                0x000000000800093c                I2C1_EV_IRQHandler
                0x000000000800093c                DMA1_Channel6_IRQHandler
                0x000000000800093c                TIM3_IRQHandler
                0x000000000800093c                RCC_IRQHandler
                0x000000000800093c                TIM1_TRG_COM_IRQHandler
                0x000000000800093c                DMA1_Channel1_IRQHandler
                0x000000000800093c                Default_Handler
                0x000000000800093c                EXTI15_10_IRQHandler
                0x000000000800093c                EXTI9_5_IRQHandler
                0x000000000800093c                SPI2_IRQHandler
                0x000000000800093c                DMA1_Channel5_IRQHandler
                0x000000000800093c                EXTI4_IRQHandler
                0x000000000800093c                USB_LP_CAN1_RX0_IRQHandler
                0x000000000800093c                USB_HP_CAN1_TX_IRQHandler
                0x000000000800093c                DMA1_Channel3_IRQHandler
                0x000000000800093c                TIM1_UP_IRQHandler
                0x000000000800093c                WWDG_IRQHandler
                0x000000000800093c                TIM1_BRK_IRQHandler
                0x000000000800093c                EXTI1_IRQHandler
                0x000000000800093c                USART2_IRQHandler
                0x000000000800093c                I2C2_ER_IRQHandler
                0x000000000800093c                DMA1_Channel2_IRQHandler
                0x000000000800093c                CAN1_SCE_IRQHandler
                0x000000000800093c                FLASH_IRQHandler
                0x000000000800093c                USART1_IRQHandler
                0x000000000800093c                I2C1_ER_IRQHandler
                0x000000000800093c                USBWakeUp_IRQHandler
 *fill*         0x000000000800093e        0x2 
 .text.HAL_Init
                0x0000000008000940       0x2c ./Drivers/STM32F1xx_HAL_Driver/Src/stm32f1xx_hal.o
                0x0000000008000940                HAL_Init
 .text.HAL_InitTick
                0x000000000800096c       0x60 ./Drivers/STM32F1xx_HAL_Driver/Src/stm32f1xx_hal.o
                0x000000000800096c                HAL_InitTick
 .text.HAL_IncTick
                0x00000000080009cc       0x24 ./Drivers/STM32F1xx_HAL_Driver/Src/stm32f1xx_hal.o
                0x00000000080009cc                HAL_IncTick
 .text.HAL_GetTick
                0x00000000080009f0       0x14 ./Drivers/STM32F1xx_HAL_Driver/Src/stm32f1xx_hal.o
                0x00000000080009f0                HAL_GetTick
 .text.__NVIC_SetPriorityGrouping
                0x0000000008000a04       0x48 ./Drivers/STM32F1xx_HAL_Driver/Src/stm32f1xx_hal_cortex.o
 .text.__NVIC_GetPriorityGrouping
                0x0000000008000a4c       0x1c ./Drivers/STM32F1xx_HAL_Driver/Src/stm32f1xx_hal_cortex.o
 .text.__NVIC_EnableIRQ
                0x0000000008000a68       0x38 ./Drivers/STM32F1xx_HAL_Driver/Src/stm32f1xx_hal_cortex.o
 .text.__NVIC_SetPriority
                0x0000000008000aa0       0x54 ./Drivers/STM32F1xx_HAL_Driver/Src/stm32f1xx_hal_cortex.o
 .text.NVIC_EncodePriority
                0x0000000008000af4       0x64 ./Drivers/STM32F1xx_HAL_Driver/Src/stm32f1xx_hal_cortex.o
 .text.SysTick_Config
                0x0000000008000b58       0x44 ./Drivers/STM32F1xx_HAL_Driver/Src/stm32f1xx_hal_cortex.o
 .text.HAL_NVIC_SetPriorityGrouping
                0x0000000008000b9c       0x16 ./Drivers/STM32F1xx_HAL_Driver/Src/stm32f1xx_hal_cortex.o
                0x0000000008000b9c                HAL_NVIC_SetPriorityGrouping
 .text.HAL_NVIC_SetPriority
                0x0000000008000bb2       0x38 ./Drivers/STM32F1xx_HAL_Driver/Src/stm32f1xx_hal_cortex.o
                0x0000000008000bb2                HAL_NVIC_SetPriority
 .text.HAL_NVIC_EnableIRQ
                0x0000000008000bea       0x1c ./Drivers/STM32F1xx_HAL_Driver/Src/stm32f1xx_hal_cortex.o
                0x0000000008000bea                HAL_NVIC_EnableIRQ
 .text.HAL_SYSTICK_Config
                0x0000000008000c06       0x18 ./Drivers/STM32F1xx_HAL_Driver/Src/stm32f1xx_hal_cortex.o
                0x0000000008000c06                HAL_SYSTICK_Config
 *fill*         0x0000000008000c1e        0x2 
 .text.HAL_GPIO_Init
                0x0000000008000c20      0x308 ./Drivers/STM32F1xx_HAL_Driver/Src/stm32f1xx_hal_gpio.o
                0x0000000008000c20                HAL_GPIO_Init
 .text.HAL_GPIO_ReadPin
                0x0000000008000f28       0x2e ./Drivers/STM32F1xx_HAL_Driver/Src/stm32f1xx_hal_gpio.o
                0x0000000008000f28                HAL_GPIO_ReadPin
 .text.HAL_GPIO_WritePin
                0x0000000008000f56       0x30 ./Drivers/STM32F1xx_HAL_Driver/Src/stm32f1xx_hal_gpio.o
                0x0000000008000f56                HAL_GPIO_WritePin
 *fill*         0x0000000008000f86        0x2 
 .text.HAL_RCC_OscConfig
                0x0000000008000f88      0x500 ./Drivers/STM32F1xx_HAL_Driver/Src/stm32f1xx_hal_rcc.o
                0x0000000008000f88                HAL_RCC_OscConfig
 .text.HAL_RCC_ClockConfig
                0x0000000008001488      0x1d4 ./Drivers/STM32F1xx_HAL_Driver/Src/stm32f1xx_hal_rcc.o
                0x0000000008001488                HAL_RCC_ClockConfig
 .text.HAL_RCC_GetSysClockFreq
                0x000000000800165c       0xa8 ./Drivers/STM32F1xx_HAL_Driver/Src/stm32f1xx_hal_rcc.o
                0x000000000800165c                HAL_RCC_GetSysClockFreq
 .text.RCC_Delay
                0x0000000008001704       0x3c ./Drivers/STM32F1xx_HAL_Driver/Src/stm32f1xx_hal_rcc.o
 .text.HAL_TIM_Base_Init
                0x0000000008001740       0x9e ./Drivers/STM32F1xx_HAL_Driver/Src/stm32f1xx_hal_tim.o
                0x0000000008001740                HAL_TIM_Base_Init
 *fill*         0x00000000080017de        0x2 
 .text.HAL_TIM_Base_Start_IT
                0x00000000080017e0       0xa4 ./Drivers/STM32F1xx_HAL_Driver/Src/stm32f1xx_hal_tim.o
                0x00000000080017e0                HAL_TIM_Base_Start_IT
 .text.HAL_TIM_IRQHandler
                0x0000000008001884      0x210 ./Drivers/STM32F1xx_HAL_Driver/Src/stm32f1xx_hal_tim.o
                0x0000000008001884                HAL_TIM_IRQHandler
 .text.HAL_TIM_ConfigClockSource
                0x0000000008001a94      0x18e ./Drivers/STM32F1xx_HAL_Driver/Src/stm32f1xx_hal_tim.o
                0x0000000008001a94                HAL_TIM_ConfigClockSource
 .text.HAL_TIM_OC_DelayElapsedCallback
                0x0000000008001c22       0x12 ./Drivers/STM32F1xx_HAL_Driver/Src/stm32f1xx_hal_tim.o
                0x0000000008001c22                HAL_TIM_OC_DelayElapsedCallback
 .text.HAL_TIM_IC_CaptureCallback
                0x0000000008001c34       0x12 ./Drivers/STM32F1xx_HAL_Driver/Src/stm32f1xx_hal_tim.o
                0x0000000008001c34                HAL_TIM_IC_CaptureCallback
 .text.HAL_TIM_PWM_PulseFinishedCallback
                0x0000000008001c46       0x12 ./Drivers/STM32F1xx_HAL_Driver/Src/stm32f1xx_hal_tim.o
                0x0000000008001c46                HAL_TIM_PWM_PulseFinishedCallback
 .text.HAL_TIM_TriggerCallback
                0x0000000008001c58       0x12 ./Drivers/STM32F1xx_HAL_Driver/Src/stm32f1xx_hal_tim.o
                0x0000000008001c58                HAL_TIM_TriggerCallback
 *fill*         0x0000000008001c6a        0x2 
 .text.TIM_Base_SetConfig
                0x0000000008001c6c       0xc4 ./Drivers/STM32F1xx_HAL_Driver/Src/stm32f1xx_hal_tim.o
                0x0000000008001c6c                TIM_Base_SetConfig
 .text.TIM_TI1_ConfigInputStage
                0x0000000008001d30       0x5c ./Drivers/STM32F1xx_HAL_Driver/Src/stm32f1xx_hal_tim.o
 .text.TIM_TI2_ConfigInputStage
                0x0000000008001d8c       0x5e ./Drivers/STM32F1xx_HAL_Driver/Src/stm32f1xx_hal_tim.o
 .text.TIM_ITRx_SetConfig
                0x0000000008001dea       0x34 ./Drivers/STM32F1xx_HAL_Driver/Src/stm32f1xx_hal_tim.o
 .text.TIM_ETR_SetConfig
                0x0000000008001e1e       0x3e ./Drivers/STM32F1xx_HAL_Driver/Src/stm32f1xx_hal_tim.o
                0x0000000008001e1e                TIM_ETR_SetConfig
 .text.HAL_TIMEx_MasterConfigSynchronization
                0x0000000008001e5c       0xbc ./Drivers/STM32F1xx_HAL_Driver/Src/stm32f1xx_hal_tim_ex.o
                0x0000000008001e5c                HAL_TIMEx_MasterConfigSynchronization
 .text.HAL_TIMEx_CommutCallback
                0x0000000008001f18       0x12 ./Drivers/STM32F1xx_HAL_Driver/Src/stm32f1xx_hal_tim_ex.o
                0x0000000008001f18                HAL_TIMEx_CommutCallback
 .text.HAL_TIMEx_BreakCallback
                0x0000000008001f2a       0x12 ./Drivers/STM32F1xx_HAL_Driver/Src/stm32f1xx_hal_tim_ex.o
                0x0000000008001f2a                HAL_TIMEx_BreakCallback
 .text.__libc_init_array
                0x0000000008001f3c       0x48 c:/d/coding/stm32cubeide/application/stm32cubeide_1.7.0/stm32cubeide/plugins/com.st.stm32cube.ide.mcu.externaltools.gnu-tools-for-stm32.9-2020-q2-update.win32_2.0.0.202105311346/tools/bin/../lib/gcc/arm-none-eabi/9.3.1/../../../../arm-none-eabi/lib/thumb/v7-m/nofp\libc_nano.a(lib_a-init.o)
                0x0000000008001f3c                __libc_init_array
 .text.memset   0x0000000008001f84       0x10 c:/d/coding/stm32cubeide/application/stm32cubeide_1.7.0/stm32cubeide/plugins/com.st.stm32cube.ide.mcu.externaltools.gnu-tools-for-stm32.9-2020-q2-update.win32_2.0.0.202105311346/tools/bin/../lib/gcc/arm-none-eabi/9.3.1/../../../../arm-none-eabi/lib/thumb/v7-m/nofp\libc_nano.a(lib_a-memset.o)
                0x0000000008001f84                memset
 *(.glue_7)
 .glue_7        0x0000000008001f94        0x0 linker stubs
 *(.glue_7t)
 .glue_7t       0x0000000008001f94        0x0 linker stubs
 *(.eh_frame)
 .eh_frame      0x0000000008001f94        0x0 c:/d/coding/stm32cubeide/application/stm32cubeide_1.7.0/stm32cubeide/plugins/com.st.stm32cube.ide.mcu.externaltools.gnu-tools-for-stm32.9-2020-q2-update.win32_2.0.0.202105311346/tools/bin/../lib/gcc/arm-none-eabi/9.3.1/thumb/v7-m/nofp/crtbegin.o
 *(.init)
 .init          0x0000000008001f94        0x4 c:/d/coding/stm32cubeide/application/stm32cubeide_1.7.0/stm32cubeide/plugins/com.st.stm32cube.ide.mcu.externaltools.gnu-tools-for-stm32.9-2020-q2-update.win32_2.0.0.202105311346/tools/bin/../lib/gcc/arm-none-eabi/9.3.1/thumb/v7-m/nofp/crti.o
                0x0000000008001f94                _init
 .init          0x0000000008001f98        0x8 c:/d/coding/stm32cubeide/application/stm32cubeide_1.7.0/stm32cubeide/plugins/com.st.stm32cube.ide.mcu.externaltools.gnu-tools-for-stm32.9-2020-q2-update.win32_2.0.0.202105311346/tools/bin/../lib/gcc/arm-none-eabi/9.3.1/thumb/v7-m/nofp/crtn.o
 *(.fini)
 .fini          0x0000000008001fa0        0x4 c:/d/coding/stm32cubeide/application/stm32cubeide_1.7.0/stm32cubeide/plugins/com.st.stm32cube.ide.mcu.externaltools.gnu-tools-for-stm32.9-2020-q2-update.win32_2.0.0.202105311346/tools/bin/../lib/gcc/arm-none-eabi/9.3.1/thumb/v7-m/nofp/crti.o
                0x0000000008001fa0                _fini
 .fini          0x0000000008001fa4        0x8 c:/d/coding/stm32cubeide/application/stm32cubeide_1.7.0/stm32cubeide/plugins/com.st.stm32cube.ide.mcu.externaltools.gnu-tools-for-stm32.9-2020-q2-update.win32_2.0.0.202105311346/tools/bin/../lib/gcc/arm-none-eabi/9.3.1/thumb/v7-m/nofp/crtn.o
                0x0000000008001fac                . = ALIGN (0x4)
                0x0000000008001fac                _etext = .

.vfp11_veneer   0x0000000008001fac        0x0
 .vfp11_veneer  0x0000000008001fac        0x0 linker stubs

.v4_bx          0x0000000008001fac        0x0
 .v4_bx         0x0000000008001fac        0x0 linker stubs

.iplt           0x0000000008001fac        0x0
 .iplt          0x0000000008001fac        0x0 c:/d/coding/stm32cubeide/application/stm32cubeide_1.7.0/stm32cubeide/plugins/com.st.stm32cube.ide.mcu.externaltools.gnu-tools-for-stm32.9-2020-q2-update.win32_2.0.0.202105311346/tools/bin/../lib/gcc/arm-none-eabi/9.3.1/thumb/v7-m/nofp/crtbegin.o

.rodata         0x0000000008001fac       0x24
                0x0000000008001fac                . = ALIGN (0x4)
 *(.rodata)
 *(.rodata*)
 .rodata.AHBPrescTable
                0x0000000008001fac       0x10 ./Core/Src/system_stm32f1xx.o
                0x0000000008001fac                AHBPrescTable
 .rodata.aPLLMULFactorTable.6037
                0x0000000008001fbc       0x10 ./Drivers/STM32F1xx_HAL_Driver/Src/stm32f1xx_hal_rcc.o
 .rodata.aPredivFactorTable.6038
                0x0000000008001fcc        0x2 ./Drivers/STM32F1xx_HAL_Driver/Src/stm32f1xx_hal_rcc.o
                0x0000000008001fd0                . = ALIGN (0x4)
 *fill*         0x0000000008001fce        0x2 

.rel.dyn        0x0000000008001fd0        0x0
 .rel.iplt      0x0000000008001fd0        0x0 c:/d/coding/stm32cubeide/application/stm32cubeide_1.7.0/stm32cubeide/plugins/com.st.stm32cube.ide.mcu.externaltools.gnu-tools-for-stm32.9-2020-q2-update.win32_2.0.0.202105311346/tools/bin/../lib/gcc/arm-none-eabi/9.3.1/thumb/v7-m/nofp/crtbegin.o

.ARM.extab      0x0000000008001fd0        0x0
                0x0000000008001fd0                . = ALIGN (0x4)
 *(.ARM.extab* .gnu.linkonce.armextab.*)
                0x0000000008001fd0                . = ALIGN (0x4)

.ARM            0x0000000008001fd0        0x0
                0x0000000008001fd0                . = ALIGN (0x4)
                0x0000000008001fd0                __exidx_start = .
 *(.ARM.exidx*)
                0x0000000008001fd0                __exidx_end = .
                0x0000000008001fd0                . = ALIGN (0x4)

.preinit_array  0x0000000008001fd0        0x0
                0x0000000008001fd0                . = ALIGN (0x4)
                0x0000000008001fd0                PROVIDE (__preinit_array_start = .)
 *(.preinit_array*)
                0x0000000008001fd0                PROVIDE (__preinit_array_end = .)
                0x0000000008001fd0                . = ALIGN (0x4)

.init_array     0x0000000008001fd0        0x4
                0x0000000008001fd0                . = ALIGN (0x4)
                0x0000000008001fd0                PROVIDE (__init_array_start = .)
 *(SORT_BY_NAME(.init_array.*))
 *(.init_array*)
 .init_array    0x0000000008001fd0        0x4 c:/d/coding/stm32cubeide/application/stm32cubeide_1.7.0/stm32cubeide/plugins/com.st.stm32cube.ide.mcu.externaltools.gnu-tools-for-stm32.9-2020-q2-update.win32_2.0.0.202105311346/tools/bin/../lib/gcc/arm-none-eabi/9.3.1/thumb/v7-m/nofp/crtbegin.o
                0x0000000008001fd4                PROVIDE (__init_array_end = .)
                0x0000000008001fd4                . = ALIGN (0x4)

.fini_array     0x0000000008001fd4        0x4
                0x0000000008001fd4                . = ALIGN (0x4)
                [!provide]                        PROVIDE (__fini_array_start = .)
 *(SORT_BY_NAME(.fini_array.*))
 *(.fini_array*)
 .fini_array    0x0000000008001fd4        0x4 c:/d/coding/stm32cubeide/application/stm32cubeide_1.7.0/stm32cubeide/plugins/com.st.stm32cube.ide.mcu.externaltools.gnu-tools-for-stm32.9-2020-q2-update.win32_2.0.0.202105311346/tools/bin/../lib/gcc/arm-none-eabi/9.3.1/thumb/v7-m/nofp/crtbegin.o
                [!provide]                        PROVIDE (__fini_array_end = .)
                0x0000000008001fd8                . = ALIGN (0x4)
                0x0000000008001fd8                _sidata = LOADADDR (.data)

.data           0x0000000020000000        0xc load address 0x0000000008001fd8
                0x0000000020000000                . = ALIGN (0x4)
                0x0000000020000000                _sdata = .
 *(.data)
 *(.data*)
 .data.SystemCoreClock
                0x0000000020000000        0x4 ./Core/Src/system_stm32f1xx.o
                0x0000000020000000                SystemCoreClock
 .data.uwTickPrio
                0x0000000020000004        0x4 ./Drivers/STM32F1xx_HAL_Driver/Src/stm32f1xx_hal.o
                0x0000000020000004                uwTickPrio
 .data.uwTickFreq
                0x0000000020000008        0x1 ./Drivers/STM32F1xx_HAL_Driver/Src/stm32f1xx_hal.o
                0x0000000020000008                uwTickFreq
 *(.RamFunc)
 *(.RamFunc*)
                0x000000002000000c                . = ALIGN (0x4)
 *fill*         0x0000000020000009        0x3 
                0x000000002000000c                _edata = .

.igot.plt       0x000000002000000c        0x0 load address 0x0000000008001fe4
 .igot.plt      0x000000002000000c        0x0 c:/d/coding/stm32cubeide/application/stm32cubeide_1.7.0/stm32cubeide/plugins/com.st.stm32cube.ide.mcu.externaltools.gnu-tools-for-stm32.9-2020-q2-update.win32_2.0.0.202105311346/tools/bin/../lib/gcc/arm-none-eabi/9.3.1/thumb/v7-m/nofp/crtbegin.o
                0x000000002000000c                . = ALIGN (0x4)

.bss            0x000000002000000c       0xd0 load address 0x0000000008001fe4
                0x000000002000000c                _sbss = .
                0x000000002000000c                __bss_start__ = _sbss
 *(.bss)
 .bss           0x000000002000000c       0x1c c:/d/coding/stm32cubeide/application/stm32cubeide_1.7.0/stm32cubeide/plugins/com.st.stm32cube.ide.mcu.externaltools.gnu-tools-for-stm32.9-2020-q2-update.win32_2.0.0.202105311346/tools/bin/../lib/gcc/arm-none-eabi/9.3.1/thumb/v7-m/nofp/crtbegin.o
 *(.bss*)
 .bss.buttonBuffer
                0x0000000020000028        0x4 ./Core/Src/input_reading.o
 .bss.debounceButtonBuffer1
                0x000000002000002c        0x4 ./Core/Src/input_reading.o
 .bss.debounceButtonBuffer2
                0x0000000020000030        0x4 ./Core/Src/input_reading.o
 .bss.flagForButtonPress1s
                0x0000000020000034        0x4 ./Core/Src/input_reading.o
 .bss.counterForButtonPress1s
                0x0000000020000038        0x8 ./Core/Src/input_reading.o
 .bss.timer_counter
                0x0000000020000040       0x28 ./Core/Src/software_timer.o
                0x0000000020000040                timer_counter
 .bss.timer_flag
                0x0000000020000068       0x28 ./Core/Src/software_timer.o
                0x0000000020000068                timer_flag
 *(COMMON)
 COMMON         0x0000000020000090       0x48 ./Core/Src/main.o
                0x0000000020000090                htim2
 COMMON         0x00000000200000d8        0x4 ./Drivers/STM32F1xx_HAL_Driver/Src/stm32f1xx_hal.o
                0x00000000200000d8                uwTick
                0x00000000200000dc                . = ALIGN (0x4)
                0x00000000200000dc                _ebss = .
                0x00000000200000dc                __bss_end__ = _ebss

._user_heap_stack
                0x00000000200000dc      0x604 load address 0x0000000008001fe4
                0x00000000200000e0                . = ALIGN (0x8)
 *fill*         0x00000000200000dc        0x4 
                [!provide]                        PROVIDE (end = .)
                0x00000000200000e0                PROVIDE (_end = .)
                0x00000000200002e0                . = (. + _Min_Heap_Size)
 *fill*         0x00000000200000e0      0x200 
                0x00000000200006e0                . = (. + _Min_Stack_Size)
 *fill*         0x00000000200002e0      0x400 
                0x00000000200006e0                . = ALIGN (0x8)

/DISCARD/
 libc.a(*)
 libm.a(*)
 libgcc.a(*)

.ARM.attributes
                0x0000000000000000       0x29
 *(.ARM.attributes)
 .ARM.attributes
                0x0000000000000000       0x1d c:/d/coding/stm32cubeide/application/stm32cubeide_1.7.0/stm32cubeide/plugins/com.st.stm32cube.ide.mcu.externaltools.gnu-tools-for-stm32.9-2020-q2-update.win32_2.0.0.202105311346/tools/bin/../lib/gcc/arm-none-eabi/9.3.1/thumb/v7-m/nofp/crti.o
 .ARM.attributes
                0x000000000000001d       0x2d c:/d/coding/stm32cubeide/application/stm32cubeide_1.7.0/stm32cubeide/plugins/com.st.stm32cube.ide.mcu.externaltools.gnu-tools-for-stm32.9-2020-q2-update.win32_2.0.0.202105311346/tools/bin/../lib/gcc/arm-none-eabi/9.3.1/thumb/v7-m/nofp/crtbegin.o
 .ARM.attributes
                0x000000000000004a       0x2d ./Core/Src/input_processing.o
 .ARM.attributes
                0x0000000000000077       0x2d ./Core/Src/input_reading.o
 .ARM.attributes
                0x00000000000000a4       0x2d ./Core/Src/led_display.o
 .ARM.attributes
                0x00000000000000d1       0x2d ./Core/Src/main.o
 .ARM.attributes
                0x00000000000000fe       0x2d ./Core/Src/software_timer.o
 .ARM.attributes
                0x000000000000012b       0x2d ./Core/Src/stm32f1xx_hal_msp.o
 .ARM.attributes
                0x0000000000000158       0x2d ./Core/Src/stm32f1xx_it.o
 .ARM.attributes
                0x0000000000000185       0x2d ./Core/Src/system_stm32f1xx.o
 .ARM.attributes
                0x00000000000001b2       0x21 ./Core/Startup/startup_stm32f103rbtx.o
 .ARM.attributes
                0x00000000000001d3       0x2d ./Drivers/STM32F1xx_HAL_Driver/Src/stm32f1xx_hal.o
 .ARM.attributes
                0x0000000000000200       0x2d ./Drivers/STM32F1xx_HAL_Driver/Src/stm32f1xx_hal_cortex.o
 .ARM.attributes
                0x000000000000022d       0x2d ./Drivers/STM32F1xx_HAL_Driver/Src/stm32f1xx_hal_gpio.o
 .ARM.attributes
                0x000000000000025a       0x2d ./Drivers/STM32F1xx_HAL_Driver/Src/stm32f1xx_hal_rcc.o
 .ARM.attributes
                0x0000000000000287       0x2d ./Drivers/STM32F1xx_HAL_Driver/Src/stm32f1xx_hal_tim.o
 .ARM.attributes
                0x00000000000002b4       0x2d ./Drivers/STM32F1xx_HAL_Driver/Src/stm32f1xx_hal_tim_ex.o
 .ARM.attributes
                0x00000000000002e1       0x2d c:/d/coding/stm32cubeide/application/stm32cubeide_1.7.0/stm32cubeide/plugins/com.st.stm32cube.ide.mcu.externaltools.gnu-tools-for-stm32.9-2020-q2-update.win32_2.0.0.202105311346/tools/bin/../lib/gcc/arm-none-eabi/9.3.1/../../../../arm-none-eabi/lib/thumb/v7-m/nofp\libc_nano.a(lib_a-init.o)
 .ARM.attributes
                0x000000000000030e       0x2d c:/d/coding/stm32cubeide/application/stm32cubeide_1.7.0/stm32cubeide/plugins/com.st.stm32cube.ide.mcu.externaltools.gnu-tools-for-stm32.9-2020-q2-update.win32_2.0.0.202105311346/tools/bin/../lib/gcc/arm-none-eabi/9.3.1/../../../../arm-none-eabi/lib/thumb/v7-m/nofp\libc_nano.a(lib_a-memset.o)
 .ARM.attributes
                0x000000000000033b       0x1d c:/d/coding/stm32cubeide/application/stm32cubeide_1.7.0/stm32cubeide/plugins/com.st.stm32cube.ide.mcu.externaltools.gnu-tools-for-stm32.9-2020-q2-update.win32_2.0.0.202105311346/tools/bin/../lib/gcc/arm-none-eabi/9.3.1/thumb/v7-m/nofp/crtn.o
OUTPUT(MPU_MCU_Asignment.elf elf32-littlearm)
LOAD linker stubs
LOAD c:/d/coding/stm32cubeide/application/stm32cubeide_1.7.0/stm32cubeide/plugins/com.st.stm32cube.ide.mcu.externaltools.gnu-tools-for-stm32.9-2020-q2-update.win32_2.0.0.202105311346/tools/bin/../lib/gcc/arm-none-eabi/9.3.1/../../../../arm-none-eabi/lib/thumb/v7-m/nofp\libc.a
LOAD c:/d/coding/stm32cubeide/application/stm32cubeide_1.7.0/stm32cubeide/plugins/com.st.stm32cube.ide.mcu.externaltools.gnu-tools-for-stm32.9-2020-q2-update.win32_2.0.0.202105311346/tools/bin/../lib/gcc/arm-none-eabi/9.3.1/../../../../arm-none-eabi/lib/thumb/v7-m/nofp\libm.a
LOAD c:/d/coding/stm32cubeide/application/stm32cubeide_1.7.0/stm32cubeide/plugins/com.st.stm32cube.ide.mcu.externaltools.gnu-tools-for-stm32.9-2020-q2-update.win32_2.0.0.202105311346/tools/bin/../lib/gcc/arm-none-eabi/9.3.1/thumb/v7-m/nofp\libgcc.a

.debug_info     0x0000000000000000     0x9121
 .debug_info    0x0000000000000000      0x285 ./Core/Src/input_processing.o
 .debug_info    0x0000000000000285      0x34b ./Core/Src/input_reading.o
 .debug_info    0x00000000000005d0      0x4e3 ./Core/Src/led_display.o
 .debug_info    0x0000000000000ab3      0xc65 ./Core/Src/main.o
 .debug_info    0x0000000000001718       0xde ./Core/Src/software_timer.o
 .debug_info    0x00000000000017f6      0xa27 ./Core/Src/stm32f1xx_hal_msp.o
 .debug_info    0x000000000000221d      0x7b9 ./Core/Src/stm32f1xx_it.o
 .debug_info    0x00000000000029d6      0x2be ./Core/Src/system_stm32f1xx.o
 .debug_info    0x0000000000002c94       0x22 ./Core/Startup/startup_stm32f103rbtx.o
 .debug_info    0x0000000000002cb6      0x76a ./Drivers/STM32F1xx_HAL_Driver/Src/stm32f1xx_hal.o
 .debug_info    0x0000000000003420      0xbdc ./Drivers/STM32F1xx_HAL_Driver/Src/stm32f1xx_hal_cortex.o
 .debug_info    0x0000000000003ffc      0x701 ./Drivers/STM32F1xx_HAL_Driver/Src/stm32f1xx_hal_gpio.o
 .debug_info    0x00000000000046fd      0x893 ./Drivers/STM32F1xx_HAL_Driver/Src/stm32f1xx_hal_rcc.o
 .debug_info    0x0000000000004f90     0x2c12 ./Drivers/STM32F1xx_HAL_Driver/Src/stm32f1xx_hal_tim.o
 .debug_info    0x0000000000007ba2     0x157f ./Drivers/STM32F1xx_HAL_Driver/Src/stm32f1xx_hal_tim_ex.o

.debug_abbrev   0x0000000000000000     0x1a17
 .debug_abbrev  0x0000000000000000      0x163 ./Core/Src/input_processing.o
 .debug_abbrev  0x0000000000000163      0x138 ./Core/Src/input_reading.o
 .debug_abbrev  0x000000000000029b      0x17c ./Core/Src/led_display.o
 .debug_abbrev  0x0000000000000417      0x27c ./Core/Src/main.o
 .debug_abbrev  0x0000000000000693       0xd8 ./Core/Src/software_timer.o
 .debug_abbrev  0x000000000000076b      0x1b7 ./Core/Src/stm32f1xx_hal_msp.o
 .debug_abbrev  0x0000000000000922      0x176 ./Core/Src/stm32f1xx_it.o
 .debug_abbrev  0x0000000000000a98      0x14e ./Core/Src/system_stm32f1xx.o
 .debug_abbrev  0x0000000000000be6       0x12 ./Core/Startup/startup_stm32f103rbtx.o
 .debug_abbrev  0x0000000000000bf8      0x1ed ./Drivers/STM32F1xx_HAL_Driver/Src/stm32f1xx_hal.o
 .debug_abbrev  0x0000000000000de5      0x313 ./Drivers/STM32F1xx_HAL_Driver/Src/stm32f1xx_hal_cortex.o
 .debug_abbrev  0x00000000000010f8      0x1e8 ./Drivers/STM32F1xx_HAL_Driver/Src/stm32f1xx_hal_gpio.o
 .debug_abbrev  0x00000000000012e0      0x273 ./Drivers/STM32F1xx_HAL_Driver/Src/stm32f1xx_hal_rcc.o
 .debug_abbrev  0x0000000000001553      0x25e ./Drivers/STM32F1xx_HAL_Driver/Src/stm32f1xx_hal_tim.o
 .debug_abbrev  0x00000000000017b1      0x266 ./Drivers/STM32F1xx_HAL_Driver/Src/stm32f1xx_hal_tim_ex.o

.debug_aranges  0x0000000000000000      0xa88
 .debug_aranges
                0x0000000000000000       0x60 ./Core/Src/input_processing.o
 .debug_aranges
                0x0000000000000060       0x30 ./Core/Src/input_reading.o
 .debug_aranges
                0x0000000000000090       0xa0 ./Core/Src/led_display.o
 .debug_aranges
                0x0000000000000130       0x48 ./Core/Src/main.o
 .debug_aranges
                0x0000000000000178       0x28 ./Core/Src/software_timer.o
 .debug_aranges
                0x00000000000001a0       0x30 ./Core/Src/stm32f1xx_hal_msp.o
 .debug_aranges
                0x00000000000001d0       0x68 ./Core/Src/stm32f1xx_it.o
 .debug_aranges
                0x0000000000000238       0x28 ./Core/Src/system_stm32f1xx.o
 .debug_aranges
                0x0000000000000260       0x28 ./Core/Startup/startup_stm32f103rbtx.o
 .debug_aranges
                0x0000000000000288       0xe0 ./Drivers/STM32F1xx_HAL_Driver/Src/stm32f1xx_hal.o
 .debug_aranges
                0x0000000000000368      0x100 ./Drivers/STM32F1xx_HAL_Driver/Src/stm32f1xx_hal_cortex.o
 .debug_aranges
                0x0000000000000468       0x58 ./Drivers/STM32F1xx_HAL_Driver/Src/stm32f1xx_hal_gpio.o
 .debug_aranges
                0x00000000000004c0       0x90 ./Drivers/STM32F1xx_HAL_Driver/Src/stm32f1xx_hal_rcc.o
 .debug_aranges
                0x0000000000000550      0x3d0 ./Drivers/STM32F1xx_HAL_Driver/Src/stm32f1xx_hal_tim.o
 .debug_aranges
                0x0000000000000920      0x168 ./Drivers/STM32F1xx_HAL_Driver/Src/stm32f1xx_hal_tim_ex.o

.debug_ranges   0x0000000000000000      0x9b8
 .debug_ranges  0x0000000000000000       0x50 ./Core/Src/input_processing.o
 .debug_ranges  0x0000000000000050       0x20 ./Core/Src/input_reading.o
 .debug_ranges  0x0000000000000070       0xa8 ./Core/Src/led_display.o
 .debug_ranges  0x0000000000000118       0x38 ./Core/Src/main.o
 .debug_ranges  0x0000000000000150       0x18 ./Core/Src/software_timer.o
 .debug_ranges  0x0000000000000168       0x20 ./Core/Src/stm32f1xx_hal_msp.o
 .debug_ranges  0x0000000000000188       0x58 ./Core/Src/stm32f1xx_it.o
 .debug_ranges  0x00000000000001e0       0x18 ./Core/Src/system_stm32f1xx.o
 .debug_ranges  0x00000000000001f8       0x20 ./Core/Startup/startup_stm32f103rbtx.o
 .debug_ranges  0x0000000000000218       0xd0 ./Drivers/STM32F1xx_HAL_Driver/Src/stm32f1xx_hal.o
 .debug_ranges  0x00000000000002e8       0xf0 ./Drivers/STM32F1xx_HAL_Driver/Src/stm32f1xx_hal_cortex.o
 .debug_ranges  0x00000000000003d8       0x48 ./Drivers/STM32F1xx_HAL_Driver/Src/stm32f1xx_hal_gpio.o
 .debug_ranges  0x0000000000000420       0x80 ./Drivers/STM32F1xx_HAL_Driver/Src/stm32f1xx_hal_rcc.o
 .debug_ranges  0x00000000000004a0      0x3c0 ./Drivers/STM32F1xx_HAL_Driver/Src/stm32f1xx_hal_tim.o
 .debug_ranges  0x0000000000000860      0x158 ./Drivers/STM32F1xx_HAL_Driver/Src/stm32f1xx_hal_tim_ex.o

.debug_macro    0x0000000000000000    0x16a44
 .debug_macro   0x0000000000000000       0x25 ./Core/Src/input_processing.o
 .debug_macro   0x0000000000000025      0xa9c ./Core/Src/input_processing.o
 .debug_macro   0x0000000000000ac1      0x1c0 ./Core/Src/input_reading.o
 .debug_macro   0x0000000000000c81      0x215 ./Core/Src/input_reading.o
 .debug_macro   0x0000000000000e96       0x2e ./Core/Src/input_reading.o
 .debug_macro   0x0000000000000ec4       0x22 ./Core/Src/input_reading.o
 .debug_macro   0x0000000000000ee6       0x22 ./Core/Src/input_reading.o
 .debug_macro   0x0000000000000f08       0x8e ./Core/Src/input_reading.o
 .debug_macro   0x0000000000000f96       0x51 ./Core/Src/input_reading.o
 .debug_macro   0x0000000000000fe7      0x103 ./Core/Src/input_reading.o
 .debug_macro   0x00000000000010ea       0x6a ./Core/Src/input_reading.o
 .debug_macro   0x0000000000001154      0x1df ./Core/Src/input_reading.o
 .debug_macro   0x0000000000001333       0x1c ./Core/Src/input_reading.o
 .debug_macro   0x000000000000134f       0x22 ./Core/Src/input_reading.o
 .debug_macro   0x0000000000001371       0xc3 ./Core/Src/input_reading.o
 .debug_macro   0x0000000000001434      0xd23 ./Core/Src/input_reading.o
 .debug_macro   0x0000000000002157     0xe09e ./Core/Src/input_reading.o
 .debug_macro   0x00000000000101f5       0x6d ./Core/Src/input_reading.o
 .debug_macro   0x0000000000010262     0x348d ./Core/Src/input_reading.o
 .debug_macro   0x00000000000136ef      0x174 ./Core/Src/input_reading.o
 .debug_macro   0x0000000000013863       0x5c ./Core/Src/input_reading.o
 .debug_macro   0x00000000000138bf      0x5bc ./Core/Src/input_reading.o
 .debug_macro   0x0000000000013e7b      0x289 ./Core/Src/input_reading.o
 .debug_macro   0x0000000000014104      0x1cb ./Core/Src/input_reading.o
 .debug_macro   0x00000000000142cf      0x114 ./Core/Src/input_reading.o
 .debug_macro   0x00000000000143e3      0x1b2 ./Core/Src/input_reading.o
 .debug_macro   0x0000000000014595       0x27 ./Core/Src/input_reading.o
 .debug_macro   0x00000000000145bc      0x136 ./Core/Src/input_reading.o
 .debug_macro   0x00000000000146f2      0x1bc ./Core/Src/input_reading.o
 .debug_macro   0x00000000000148ae       0x34 ./Core/Src/input_reading.o
 .debug_macro   0x00000000000148e2       0x3c ./Core/Src/input_reading.o
 .debug_macro   0x000000000001491e       0x57 ./Core/Src/input_reading.o
 .debug_macro   0x0000000000014975       0x87 ./Core/Src/input_reading.o
 .debug_macro   0x00000000000149fc      0x240 ./Core/Src/input_reading.o
 .debug_macro   0x0000000000014c3c      0x140 ./Core/Src/input_reading.o
 .debug_macro   0x0000000000014d7c      0x8ed ./Core/Src/input_reading.o
 .debug_macro   0x0000000000015669       0x83 ./Core/Src/input_reading.o
 .debug_macro   0x00000000000156ec       0x94 ./Core/Src/input_reading.o
 .debug_macro   0x0000000000015780      0x1bc ./Core/Src/led_display.o
 .debug_macro   0x000000000001593c      0x1bc ./Core/Src/main.o
 .debug_macro   0x0000000000015af8       0x21 ./Core/Src/software_timer.o
 .debug_macro   0x0000000000015b19      0x1a8 ./Core/Src/stm32f1xx_hal_msp.o
 .debug_macro   0x0000000000015cc1      0x1b2 ./Core/Src/stm32f1xx_it.o
 .debug_macro   0x0000000000015e73      0x199 ./Core/Src/system_stm32f1xx.o
 .debug_macro   0x000000000001600c      0x1bd ./Drivers/STM32F1xx_HAL_Driver/Src/stm32f1xx_hal.o
 .debug_macro   0x00000000000161c9      0x199 ./Drivers/STM32F1xx_HAL_Driver/Src/stm32f1xx_hal_cortex.o
 .debug_macro   0x0000000000016362      0x204 ./Drivers/STM32F1xx_HAL_Driver/Src/stm32f1xx_hal_gpio.o
 .debug_macro   0x0000000000016566      0x1ab ./Drivers/STM32F1xx_HAL_Driver/Src/stm32f1xx_hal_rcc.o
 .debug_macro   0x0000000000016711      0x19a ./Drivers/STM32F1xx_HAL_Driver/Src/stm32f1xx_hal_tim.o
 .debug_macro   0x00000000000168ab      0x199 ./Drivers/STM32F1xx_HAL_Driver/Src/stm32f1xx_hal_tim_ex.o

.debug_line     0x0000000000000000     0xb3a9
 .debug_line    0x0000000000000000      0x27e ./Core/Src/input_processing.o
 .debug_line    0x000000000000027e      0x8bd ./Core/Src/input_reading.o
 .debug_line    0x0000000000000b3b      0x96e ./Core/Src/led_display.o
 .debug_line    0x00000000000014a9      0x8f2 ./Core/Src/main.o
 .debug_line    0x0000000000001d9b       0xb2 ./Core/Src/software_timer.o
 .debug_line    0x0000000000001e4d      0x7aa ./Core/Src/stm32f1xx_hal_msp.o
 .debug_line    0x00000000000025f7      0x848 ./Core/Src/stm32f1xx_it.o
 .debug_line    0x0000000000002e3f      0x7ec ./Core/Src/system_stm32f1xx.o
 .debug_line    0x000000000000362b       0x86 ./Core/Startup/startup_stm32f103rbtx.o
 .debug_line    0x00000000000036b1      0xa19 ./Drivers/STM32F1xx_HAL_Driver/Src/stm32f1xx_hal.o
 .debug_line    0x00000000000040ca      0xc01 ./Drivers/STM32F1xx_HAL_Driver/Src/stm32f1xx_hal_cortex.o
 .debug_line    0x0000000000004ccb      0xab2 ./Drivers/STM32F1xx_HAL_Driver/Src/stm32f1xx_hal_gpio.o
 .debug_line    0x000000000000577d      0xe25 ./Drivers/STM32F1xx_HAL_Driver/Src/stm32f1xx_hal_rcc.o
 .debug_line    0x00000000000065a2     0x3498 ./Drivers/STM32F1xx_HAL_Driver/Src/stm32f1xx_hal_tim.o
 .debug_line    0x0000000000009a3a     0x196f ./Drivers/STM32F1xx_HAL_Driver/Src/stm32f1xx_hal_tim_ex.o

.debug_str      0x0000000000000000    0x84777
 .debug_str     0x0000000000000000     0x2f54 ./Core/Src/input_processing.o
                                       0x2f96 (size before relaxing)
 .debug_str     0x0000000000002f54    0x7ed37 ./Core/Src/input_reading.o
                                      0x81df9 (size before relaxing)
 .debug_str     0x0000000000081c8b      0x14b ./Core/Src/led_display.o
                                      0x81eb9 (size before relaxing)
 .debug_str     0x0000000000081dd6      0x6e6 ./Core/Src/main.o
                                      0x824dd (size before relaxing)
 .debug_str     0x00000000000824bc       0x52 ./Core/Src/software_timer.o
                                       0x2df0 (size before relaxing)
 .debug_str     0x000000000008250e      0x2f4 ./Core/Src/stm32f1xx_hal_msp.o
                                      0x824bc (size before relaxing)
 .debug_str     0x0000000000082802       0xcd ./Core/Src/stm32f1xx_it.o
                                      0x821e4 (size before relaxing)
 .debug_str     0x00000000000828cf       0x52 ./Core/Src/system_stm32f1xx.o
                                      0x81a78 (size before relaxing)
 .debug_str     0x0000000000082921       0x36 ./Core/Startup/startup_stm32f103rbtx.o
                                         0x7c (size before relaxing)
 .debug_str     0x0000000000082957      0x304 ./Drivers/STM32F1xx_HAL_Driver/Src/stm32f1xx_hal.o
                                      0x82109 (size before relaxing)
 .debug_str     0x0000000000082c5b      0x300 ./Drivers/STM32F1xx_HAL_Driver/Src/stm32f1xx_hal_cortex.o
                                      0x82111 (size before relaxing)
 .debug_str     0x0000000000082f5b      0x311 ./Drivers/STM32F1xx_HAL_Driver/Src/stm32f1xx_hal_gpio.o
                                      0x81e3c (size before relaxing)
 .debug_str     0x000000000008326c      0x24f ./Drivers/STM32F1xx_HAL_Driver/Src/stm32f1xx_hal_rcc.o
                                      0x81e75 (size before relaxing)
 .debug_str     0x00000000000834bb      0xdce ./Drivers/STM32F1xx_HAL_Driver/Src/stm32f1xx_hal_tim.o
                                      0x82e4e (size before relaxing)
 .debug_str     0x0000000000084289      0x4ee ./Drivers/STM32F1xx_HAL_Driver/Src/stm32f1xx_hal_tim_ex.o
                                      0x825ff (size before relaxing)

.comment        0x0000000000000000       0x53
 .comment       0x0000000000000000       0x53 ./Core/Src/input_processing.o
                                         0x54 (size before relaxing)
 .comment       0x0000000000000053       0x54 ./Core/Src/input_reading.o
 .comment       0x0000000000000053       0x54 ./Core/Src/led_display.o
 .comment       0x0000000000000053       0x54 ./Core/Src/main.o
 .comment       0x0000000000000053       0x54 ./Core/Src/software_timer.o
 .comment       0x0000000000000053       0x54 ./Core/Src/stm32f1xx_hal_msp.o
 .comment       0x0000000000000053       0x54 ./Core/Src/stm32f1xx_it.o
 .comment       0x0000000000000053       0x54 ./Core/Src/system_stm32f1xx.o
 .comment       0x0000000000000053       0x54 ./Drivers/STM32F1xx_HAL_Driver/Src/stm32f1xx_hal.o
 .comment       0x0000000000000053       0x54 ./Drivers/STM32F1xx_HAL_Driver/Src/stm32f1xx_hal_cortex.o
 .comment       0x0000000000000053       0x54 ./Drivers/STM32F1xx_HAL_Driver/Src/stm32f1xx_hal_gpio.o
 .comment       0x0000000000000053       0x54 ./Drivers/STM32F1xx_HAL_Driver/Src/stm32f1xx_hal_rcc.o
 .comment       0x0000000000000053       0x54 ./Drivers/STM32F1xx_HAL_Driver/Src/stm32f1xx_hal_tim.o
 .comment       0x0000000000000053       0x54 ./Drivers/STM32F1xx_HAL_Driver/Src/stm32f1xx_hal_tim_ex.o

.debug_frame    0x0000000000000000     0x29d8
 .debug_frame   0x0000000000000000      0x138 ./Core/Src/input_processing.o
 .debug_frame   0x0000000000000138       0x84 ./Core/Src/input_reading.o
 .debug_frame   0x00000000000001bc      0x1ec ./Core/Src/led_display.o
 .debug_frame   0x00000000000003a8       0xd8 ./Core/Src/main.o
 .debug_frame   0x0000000000000480       0x60 ./Core/Src/software_timer.o
 .debug_frame   0x00000000000004e0       0x80 ./Core/Src/stm32f1xx_hal_msp.o
 .debug_frame   0x0000000000000560      0x120 ./Core/Src/stm32f1xx_it.o
 .debug_frame   0x0000000000000680       0x58 ./Core/Src/system_stm32f1xx.o
 .debug_frame   0x00000000000006d8      0x334 ./Drivers/STM32F1xx_HAL_Driver/Src/stm32f1xx_hal.o
 .debug_frame   0x0000000000000a0c      0x428 ./Drivers/STM32F1xx_HAL_Driver/Src/stm32f1xx_hal_cortex.o
 .debug_frame   0x0000000000000e34      0x14c ./Drivers/STM32F1xx_HAL_Driver/Src/stm32f1xx_hal_gpio.o
 .debug_frame   0x0000000000000f80      0x218 ./Drivers/STM32F1xx_HAL_Driver/Src/stm32f1xx_hal_rcc.o
 .debug_frame   0x0000000000001198     0x11bc ./Drivers/STM32F1xx_HAL_Driver/Src/stm32f1xx_hal_tim.o
 .debug_frame   0x0000000000002354      0x638 ./Drivers/STM32F1xx_HAL_Driver/Src/stm32f1xx_hal_tim_ex.o
 .debug_frame   0x000000000000298c       0x2c c:/d/coding/stm32cubeide/application/stm32cubeide_1.7.0/stm32cubeide/plugins/com.st.stm32cube.ide.mcu.externaltools.gnu-tools-for-stm32.9-2020-q2-update.win32_2.0.0.202105311346/tools/bin/../lib/gcc/arm-none-eabi/9.3.1/../../../../arm-none-eabi/lib/thumb/v7-m/nofp\libc_nano.a(lib_a-init.o)
 .debug_frame   0x00000000000029b8       0x20 c:/d/coding/stm32cubeide/application/stm32cubeide_1.7.0/stm32cubeide/plugins/com.st.stm32cube.ide.mcu.externaltools.gnu-tools-for-stm32.9-2020-q2-update.win32_2.0.0.202105311346/tools/bin/../lib/gcc/arm-none-eabi/9.3.1/../../../../arm-none-eabi/lib/thumb/v7-m/nofp\libc_nano.a(lib_a-memset.o)
